src/components/InterviewCoach.tsx(4,15): error TS2305: Module '"@/types/jd"' has no exported member 'InterviewQuestion'.
src/components/LuminaUltraDashboard.tsx(98,28): error TS2322: Type 'DetailedJdGrade | { score: number; letter: string; summary: string; breakdown: { clarity: number; realistic: number; compensation: number; red_flags: number; benefits: number; growth: number; }; plain_english_summary: any[]; }' is not assignable to type 'DetailedJdGrade'.
  Type '{ score: number; letter: string; summary: string; breakdown: { clarity: number; realistic: number; compensation: number; red_flags: number; benefits: number; growth: number; }; plain_english_summary: any[]; }' is not assignable to type 'DetailedJdGrade'.
    Types of property 'breakdown' are incompatible.
      Type '{ clarity: number; realistic: number; compensation: number; red_flags: number; benefits: number; growth: number; }' is missing the following properties from type '{ clarity: number; realistic: number; compensation: number; red_flags: number; benefits: number; growth: number; inclusivity: number; readability: number; }': inclusivity, readability
src/components/MasterVault.tsx(164,42): error TS2345: Argument of type '(item: { str: string; }) => string' is not assignable to parameter of type '(value: TextItem | TextMarkedContent, index: number, array: (TextItem | TextMarkedContent)[]) => string'.
  Types of parameters 'item' and 'value' are incompatible.
    Type 'TextItem | TextMarkedContent' is not assignable to type '{ str: string; }'.
      Property 'str' is missing in type 'TextMarkedContent' but required in type '{ str: string; }'.
src/components/MasterVault.tsx(382,63): error TS2769: No overload matches this call.
  Overload 1 of 2, '(values: { id?: string; user_id: string; type: string; title: string; organization?: string; period?: string; description?: string; bullets?: Json; skills?: Json; is_quantified?: boolean; created_at?: string; updated_at?: string; }, options?: { ...; }): PostgrestFilterBuilder<...>', gave the following error.
    Argument of type '{ user_id: string; is_quantified: boolean; id?: string; type?: VaultItemType; title?: string; organization?: string; period?: string; description?: string; bullets?: string[]; skills?: string[]; created_at?: string; updated_at?: string; }' is not assignable to parameter of type '{ id?: string; user_id: string; type: string; title: string; organization?: string; period?: string; description?: string; bullets?: Json; skills?: Json; is_quantified?: boolean; created_at?: string; updated_at?: string; }'.
      Property 'type' is optional in type '{ user_id: string; is_quantified: boolean; id?: string; type?: VaultItemType; title?: string; organization?: string; period?: string; description?: string; bullets?: string[]; skills?: string[]; created_at?: string; updated_at?: string; }' but required in type '{ id?: string; user_id: string; type: string; title: string; organization?: string; period?: string; description?: string; bullets?: Json; skills?: Json; is_quantified?: boolean; created_at?: string; updated_at?: string; }'.
  Overload 2 of 2, '(values: { id?: string; user_id: string; type: string; title: string; organization?: string; period?: string; description?: string; bullets?: Json; skills?: Json; is_quantified?: boolean; created_at?: string; updated_at?: string; }[], options?: { ...; }): PostgrestFilterBuilder<...>', gave the following error.
    Object literal may only specify known properties, and 'user_id' does not exist in type '{ id?: string; user_id: string; type: string; title: string; organization?: string; period?: string; description?: string; bullets?: Json; skills?: Json; is_quantified?: boolean; created_at?: string; updated_at?: string; }[]'.
src/components/ResumeEnhancer.tsx(6,22): error TS2305: Module '"@/types/jd"' has no exported member 'Deduction'.
src/components/ResumeGapAnalyzer.tsx(32,35): error TS2345: Argument of type '(item: { str: string; }) => string' is not assignable to parameter of type '(value: TextItem | TextMarkedContent, index: number, array: (TextItem | TextMarkedContent)[]) => string'.
  Types of parameters 'item' and 'value' are incompatible.
    Type 'TextItem | TextMarkedContent' is not assignable to type '{ str: string; }'.
      Property 'str' is missing in type 'TextMarkedContent' but required in type '{ str: string; }'.
src/components/ResumeGenerator.tsx(115,23): error TS2345: Argument of type '{ id: string; job_title: string; status: string; updated_at: string; content: Json; header_data: Json; }[]' is not assignable to parameter of type 'SetStateAction<ArchiveRecord[]>'.
  Type '{ id: string; job_title: string; status: string; updated_at: string; content: Json; header_data: Json; }[]' is not assignable to type 'ArchiveRecord[]'.
    Type '{ id: string; job_title: string; status: string; updated_at: string; content: Json; header_data: Json; }' is not assignable to type 'ArchiveRecord'.
      Types of property 'content' are incompatible.
        Type 'Json' is not assignable to type 'GeneratedResume'.
          Type 'string' is not assignable to type 'GeneratedResume'.
src/components/ResumeGenerator.tsx(377,9): error TS2769: No overload matches this call.
  Overload 2 of 2, '(values: { id?: string; user_id: string; job_title: string; content: Json; header_data?: Json; status?: string; created_at?: string; updated_at?: string; }[], options?: { onConflict?: string; ignoreDuplicates?: boolean; count?: "exact" | ... 1 more ... | "estimated"; defaultToNull?: boolean; }): PostgrestFilterBuilder<...>', gave the following error.
    Object literal may only specify known properties, and 'user_id' does not exist in type '{ id?: string; user_id: string; job_title: string; content: Json; header_data?: Json; status?: string; created_at?: string; updated_at?: string; }[]'.
src/components/ScannerView.tsx(57,63): error TS2769: No overload matches this call.
  Overload 1 of 2, '(values: { created_at?: string; id?: string; raw_text: string; skills_json?: Json; title?: string; user_id?: string; }, options?: { count?: "exact" | "planned" | "estimated"; }): PostgrestFilterBuilder<{ PostgrestVersion: "14.4"; }, ... 5 more ..., "POST">', gave the following error.
    Type 'Skill[]' is not assignable to type 'Json'.
      Type 'Skill[]' is not assignable to type 'Json[]'.
        Type 'Skill' is not assignable to type 'Json'.
          Type 'Skill' is not assignable to type '{ [key: string]: Json; }'.
            Index signature for type 'string' is missing in type 'Skill'.
  Overload 2 of 2, '(values: { created_at?: string; id?: string; raw_text: string; skills_json?: Json; title?: string; user_id?: string; }[], options?: { count?: "exact" | "planned" | "estimated"; defaultToNull?: boolean; }): PostgrestFilterBuilder<...>', gave the following error.
    Object literal may only specify known properties, and 'user_id' does not exist in type '{ created_at?: string; id?: string; raw_text: string; skills_json?: Json; title?: string; user_id?: string; }[]'.
